aws_apigatewayv2_api	Network Security
aws_apigatewayv2_stage	Network Security
aws_bedrock_guardrail	Security
aws_cloudfront_distribution	Network Security
aws_cloudwatch_event_rule	Events
aws_cloudwatch_log_group	Observability
aws_db_instance	Data Storage
aws_db_parameter_group	Data Storage
aws_db_subnet_group	Data Storage
aws_dynamodb_table	Data Storage
aws_ecr_repository	Data Storage
aws_ecs_cluster	Virtual Machines
aws_eip	Network Security
aws_eks_cluster	Virtual Machines
aws_eks_pod_identity_association	Security
aws_elb	Network Security
aws_iam_policy	Security
aws_iam_role	Security
aws_internet_gateway	Network Security
aws_kms_key	Security
aws_lambda_function	Virtual Machines
aws_lb	Network Security
aws_lb_listener	Network Security
aws_lb_target_group	Network Security
aws_nat_gateway	Network Security
aws_network_acl	Network Security
aws_network_interface	Network Security
aws_opensearchserverless_collection	Data Storage
aws_rds_cluster	Data Storage
aws_resourceexplorer2_index	Observability
aws_resourceexplorer2_view	Observability
aws_route53_zone	Network Security
aws_route_table	Network Security
aws_s3_bucket	Data Storage
aws_secretsmanager_secret	Security
aws_security_group	Network Security
aws_sqs_queue	Events
aws_subnet	Network Security
aws_vpc	Network Security
aws_vpc_dhcp_options	Network Security
aws_vpc_endpoint	Network Security
google_api_gateway_api	Network Security
google_api_gateway_api_config	Network Security
google_api_gateway_gateway	Network Security
google_bigquery_dataset	Data Storage
google_cloud_run_service	Virtual Machines
google_cloud_run_v2_service	Virtual Machines
google_cloudfunctions2_function	Virtual Machines
google_cloudfunctions_function	Virtual Machines
google_compute_address	Network Security
google_compute_disk	Data Storage
google_compute_firewall	Network Security
google_compute_forwarding_rule	Network Security
google_compute_instance	Virtual Machines
google_compute_network	Network Security
google_compute_router	Network Security
google_compute_subnetwork	Network Security
google_compute_target_https_proxy	Network Security
google_compute_url_map	Network Security
google_container_cluster	Virtual Machines
google_container_node_pool	Virtual Machines
google_kms_crypto_key	Security
google_kms_key_ring	Security
google_logging_project_sink	Observability
google_monitoring_alert_policy	Observability
google_monitoring_dashboard	Observability
google_monitoring_notification_channel	Observability
google_pubsub_subscription	Events
google_pubsub_topic	Events
google_secret_manager_secret	Security
google_service_account	Security
google_sql_database_instance	Data Storage
google_sql_user	Security
google_storage_bucket	Data Storage
