aws_api_gateway.certificateArn
aws_cloudwatch_logs.retentionDays
aws_cognito.signInType
aws_dynamodb.type
aws_ec2
aws_ec2.diskSizePerServer
aws_ecs.capacityProviders
aws_ecs.defaultCapacityProvider
aws_eks.controlPlaneVisibility
aws_eks.desiredSize
aws_eks.maxSize
aws_eks.minSize
aws_elasticache.nodeSize
aws_elasticache.replicas
aws_kms.numKeys
aws_lambda.memorySize
aws_lambda.runtime
aws_lambda.timeout
aws_msk.retentionPeriod
aws_opensearch.deploymentType
aws_opensearch.storageSize
aws_rds.cpuSize
aws_rds.readReplicas
aws_rds.storageSize
aws_secretsmanager.numSecrets
aws_sqs.type
aws_sqs.visibilityTimeout
aws_vpc
cloud
cpu_arch
gcp_cloud_cdn.defaultTtl
gcp_cloud_functions.runtime
gcp_cloud_run.cpu
gcp_cloud_run.memory
gcp_compute
gcp_gcs.storageClass
gcp_gke.nodeCount
gcp_memorystore.tier
gcp_pubsub.messageRetentionDuration
