aws_cloudwatch_log_group	arn	Identity		UIVisible	Never		
aws_cloudwatch_log_group	kms_key_id	Wiring	Security	RileyVisible	RelationshipOnly		
aws_cloudwatch_log_group	log_group_class	Tuning	Performance	RileyVisible	ChatSafe		MayReplace
aws_cloudwatch_log_group	name	Identity		UIVisible	Never		
aws_cloudwatch_log_group	retention_in_days	Tuning	Reliability	RileyVisible	ChatSafe		
aws_cloudwatch_log_group	skip_destroy	Tuning	Reliability	RileyVisible	RequiresApproval		
aws_cloudwatch_log_group	tags	Tuning		Hidden	SystemOnly	Redacted	
aws_cloudwatch_log_group	tags_all	Tuning		Hidden	SystemOnly	Redacted	
aws_dynamodb_table	arn	Identity		UIVisible	Never		
aws_dynamodb_table	attribute.name	Identity		UIVisible	Never		AlwaysReplace
aws_dynamodb_table	attribute.type	Identity		UIVisible	Never		AlwaysReplace
aws_dynamodb_table	billing_mode	Tuning	Performance	RileyVisible	ChatSafe		
aws_dynamodb_table	deletion_protection_enabled	Tuning	Reliability	RileyVisible	ChatSafe		
aws_dynamodb_table	global_secondary_index.hash_key	Wiring	Performance	RileyVisible	RelationshipOnly		MayReplace
aws_dynamodb_table	global_secondary_index.name	Tuning	Performance	RileyVisible	RequiresApproval		MayReplace
aws_dynamodb_table	global_secondary_index.non_key_attributes	Tuning	Performance	RileyVisible	RequiresApproval		MayReplace
aws_dynamodb_table	global_secondary_index.projection_type	Tuning	Performance	RileyVisible	RequiresApproval		MayReplace
aws_dynamodb_table	global_secondary_index.range_key	Wiring	Performance	RileyVisible	RelationshipOnly		MayReplace
aws_dynamodb_table	global_secondary_index.read_capacity	Tuning	Performance	RileyVisible	ChatSafe		
aws_dynamodb_table	global_secondary_index.write_capacity	Tuning	Performance	RileyVisible	ChatSafe		
aws_dynamodb_table	hash_key	Identity		UIVisible	Never		AlwaysReplace
aws_dynamodb_table	id	Identity		UIVisible	Never		
aws_dynamodb_table	local_secondary_index.name	Tuning	Performance	RileyVisible	RequiresApproval		AlwaysReplace
aws_dynamodb_table	local_secondary_index.non_key_attributes	Tuning	Performance	RileyVisible	RequiresApproval		MayReplace
aws_dynamodb_table	local_secondary_index.projection_type	Tuning	Performance	RileyVisible	RequiresApproval		MayReplace
aws_dynamodb_table	local_secondary_index.range_key	Wiring	Performance	RileyVisible	RelationshipOnly		AlwaysReplace
aws_dynamodb_table	name	Identity		UIVisible	Never		AlwaysReplace
aws_dynamodb_table	point_in_time_recovery.enabled	Tuning	Reliability	RileyVisible	ChatSafe		
aws_dynamodb_table	range_key	Identity		UIVisible	Never		AlwaysReplace
aws_dynamodb_table	read_capacity	Tuning	Performance	RileyVisible	ChatSafe		
aws_dynamodb_table	replica.arn	Identity		UIVisible	Never		
aws_dynamodb_table	replica.kms_key_arn	Wiring	Security	RileyVisible	RelationshipOnly		
aws_dynamodb_table	replica.point_in_time_recovery	Tuning	Reliability	RileyVisible	RequiresApproval		
aws_dynamodb_table	replica.propagate_tags	Tuning		RileyVisible	RequiresApproval		
aws_dynamodb_table	replica.region_name	Wiring	Reliability	RileyVisible	RelationshipOnly		
aws_dynamodb_table	replica.stream_arn	Identity		UIVisible	Never		
aws_dynamodb_table	replica.stream_label	Identity		UIVisible	Never		
aws_dynamodb_table	restore_date_time	Tuning		UIVisible	Never		
aws_dynamodb_table	restore_source_name	Tuning		UIVisible	Never		
aws_dynamodb_table	restore_source_table_arn	Wiring	Reliability	RileyVisible	RelationshipOnly		
aws_dynamodb_table	restore_to_latest_time	Tuning		UIVisible	Never		
aws_dynamodb_table	server_side_encryption.enabled	Tuning	Security	RileyVisible	ChatSafe		
aws_dynamodb_table	server_side_encryption.kms_key_arn	Wiring	Security	RileyVisible	RelationshipOnly		MayReplace
aws_dynamodb_table	stream_arn	Identity		UIVisible	Never		
aws_dynamodb_table	stream_enabled	Tuning	Reliability	RileyVisible	ChatSafe		
aws_dynamodb_table	stream_label	Identity		UIVisible	Never		
aws_dynamodb_table	stream_view_type	Tuning	Reliability	RileyVisible	ChatSafe		
aws_dynamodb_table	table_class	Tuning	Performance	RileyVisible	ChatSafe		
aws_dynamodb_table	tags	Tuning		Hidden	SystemOnly	Redacted	
aws_dynamodb_table	tags_all	Tuning		Hidden	SystemOnly	Redacted	
aws_dynamodb_table	timeouts	Tuning		Hidden	SystemOnly		
aws_dynamodb_table	ttl.attribute_name	Wiring	Reliability	RileyVisible	RelationshipOnly		
aws_dynamodb_table	ttl.enabled	Tuning	Reliability	RileyVisible	ChatSafe		
aws_dynamodb_table	write_capacity	Tuning	Performance	RileyVisible	ChatSafe		
aws_lambda_function	architectures	Tuning	Performance	RileyVisible	ChatSafe		MayReplace
aws_lambda_function	arn	Identity		UIVisible	Never		
aws_lambda_function	code_signing_config_arn	Wiring	Security	RileyVisible	RelationshipOnly		
aws_lambda_function	dead_letter_config.target_arn	Wiring	Reliability	RileyVisible	RelationshipOnly		
aws_lambda_function	environment.variables	Tuning	Security	Hidden	SystemOnly	Sensitive	
aws_lambda_function	ephemeral_storage.size	Tuning	Performance	RileyVisible	ChatSafe		
aws_lambda_function	file_system_config.arn	Wiring		RileyVisible	RelationshipOnly		
aws_lambda_function	file_system_config.local_mount_path	Tuning		RileyVisible	ChatSafe		
aws_lambda_function	function_name	Identity		UIVisible	Never		
aws_lambda_function	handler	Tuning		RileyVisible	ChatSafe		
aws_lambda_function	image_config.command	Tuning		RileyVisible	ChatSafe		
aws_lambda_function	image_config.entry_point	Tuning		RileyVisible	ChatSafe		
aws_lambda_function	image_config.working_directory	Tuning		RileyVisible	ChatSafe		
aws_lambda_function	invoke_arn	Identity		RileyVisible	Never		
aws_lambda_function	kms_key_arn	Wiring	Security	RileyVisible	RelationshipOnly		
aws_lambda_function	layers	Wiring		RileyVisible	RelationshipOnly		
aws_lambda_function	logging_config.application_log_level	Tuning		RileyVisible	ChatSafe		
aws_lambda_function	logging_config.log_format	Tuning		RileyVisible	ChatSafe		
aws_lambda_function	logging_config.log_group	Wiring	Reliability	RileyVisible	RelationshipOnly		
aws_lambda_function	logging_config.system_log_level	Tuning		RileyVisible	ChatSafe		
aws_lambda_function	memory_size	Tuning	Performance	RileyVisible	ChatSafe		
aws_lambda_function	package_type	Tuning		UIVisible	Never		AlwaysReplace
aws_lambda_function	publish	Tuning		RileyVisible	ChatSafe		
aws_lambda_function	qualified_arn	Identity		RileyVisible	Never		
aws_lambda_function	qualified_invoke_arn	Identity		RileyVisible	Never		
aws_lambda_function	replacement_security_group_ids	Wiring	Security	RileyVisible	RelationshipOnly		
aws_lambda_function	reserved_concurrent_executions	Tuning	Reliability	RileyVisible	ChatSafe		
aws_lambda_function	role	Wiring	Security	UIVisible	RelationshipOnly		
aws_lambda_function	runtime	Tuning		RileyVisible	ChatSafe		
aws_lambda_function	s3_bucket	Wiring		RileyVisible	RelationshipOnly		
aws_lambda_function	s3_key	Tuning		RileyVisible	ChatSafe		
aws_lambda_function	s3_object_version	Tuning		RileyVisible	ChatSafe		
aws_lambda_function	snap_start.apply_on	Tuning	Performance	RileyVisible	ChatSafe		
aws_lambda_function	tags	Tuning		Hidden	SystemOnly	Redacted	
aws_lambda_function	tags_all	Tuning		Hidden	SystemOnly	Redacted	
aws_lambda_function	timeout	Tuning	Reliability	RileyVisible	ChatSafe		
aws_lambda_function	timeouts	Tuning		Hidden	SystemOnly		
aws_lambda_function	tracing_config.mode	Tuning		RileyVisible	ChatSafe		
aws_lambda_function	version	Identity		RileyVisible	Never		
aws_lambda_function	vpc_config.security_group_ids	Wiring	Security	RileyVisible	RelationshipOnly		
aws_lambda_function	vpc_config.subnet_ids	Wiring	Reliability	RileyVisible	RelationshipOnly		
aws_lambda_function	vpc_config.vpc_id	Wiring		RileyVisible	RelationshipOnly		
aws_s3_bucket	acceleration_status	Tuning	Performance	RileyVisible	ChatSafe		
aws_s3_bucket	acl	Tuning	Security	RileyVisible	RequiresApproval		
aws_s3_bucket	arn	Identity		UIVisible	Never		
aws_s3_bucket	bucket	Identity		UIVisible	Never		AlwaysReplace
aws_s3_bucket	bucket_domain_name	Identity		UIVisible	Never		
aws_s3_bucket	bucket_prefix	Identity		UIVisible	Never		AlwaysReplace
aws_s3_bucket	bucket_regional_domain_name	Identity		UIVisible	Never		
aws_s3_bucket	force_destroy	Tuning		UIVisible	SystemOnly		
aws_s3_bucket	hosted_zone_id	Identity		UIVisible	Never		
aws_s3_bucket	id	Identity		UIVisible	Never		
aws_s3_bucket	logging.target_bucket	Wiring	Security	RileyVisible	RelationshipOnly		
aws_s3_bucket	logging.target_prefix	Tuning		RileyVisible	ChatSafe		
aws_s3_bucket	object_lock_configuration.object_lock_enabled	Tuning	Security	RileyVisible	RequiresApproval		MayReplace
aws_s3_bucket	object_lock_enabled	Tuning	Security	RileyVisible	Never		AlwaysReplace
aws_s3_bucket	policy	Wiring	Security	RileyVisible	RequiresApproval		
aws_s3_bucket	region	Identity		UIVisible	Never		
aws_s3_bucket	replication_configuration.role	Wiring	Security	RileyVisible	RelationshipOnly		
aws_s3_bucket	request_payer	Tuning		RileyVisible	ChatSafe		
aws_s3_bucket	server_side_encryption_configuration.rule.apply_server_side_encryption_by_default.kms_master_key_id	Wiring	Security	RileyVisible	RelationshipOnly		MayReplace
aws_s3_bucket	server_side_encryption_configuration.rule.apply_server_side_encryption_by_default.sse_algorithm	Tuning	Security	RileyVisible	ChatSafe		
aws_s3_bucket	server_side_encryption_configuration.rule.bucket_key_enabled	Tuning	Security	RileyVisible	ChatSafe		
aws_s3_bucket	tags	Tuning		Hidden	SystemOnly	Redacted	
aws_s3_bucket	tags_all	Tuning		Hidden	SystemOnly	Redacted	
aws_s3_bucket	versioning.enabled	Tuning	Reliability	RileyVisible	ChatSafe		
aws_s3_bucket	versioning.mfa_delete	Tuning	Security	RileyVisible	RequiresApproval		
aws_s3_bucket	website_domain	Identity		UIVisible	Never		
aws_s3_bucket	website_endpoint	Identity		UIVisible	Never		
aws_secretsmanager_secret	arn	Identity		UIVisible	Never		
aws_secretsmanager_secret	description	Tuning		RileyVisible	ChatSafe		
aws_secretsmanager_secret	kms_key_id	Wiring	Security	RileyVisible	RelationshipOnly		
aws_secretsmanager_secret	name	Identity		UIVisible	Never		
aws_secretsmanager_secret	policy	Tuning	Security	RileyVisible	RequiresApproval		
aws_secretsmanager_secret	recovery_window_in_days	Tuning	Reliability	RileyVisible	RequiresApproval		
aws_secretsmanager_secret	replica.kms_key_id	Wiring	Security	RileyVisible	RelationshipOnly		
aws_secretsmanager_secret	replica.region	Wiring	Reliability	RileyVisible	RelationshipOnly		
aws_secretsmanager_secret	tags	Tuning		Hidden	SystemOnly	Redacted	
aws_secretsmanager_secret	tags_all	Tuning		Hidden	SystemOnly	Redacted	
aws_sqs_queue	arn	Identity		UIVisible	Never		
aws_sqs_queue	content_based_deduplication	Tuning		RileyVisible	ChatSafe		
aws_sqs_queue	delay_seconds	Tuning		RileyVisible	ChatSafe		
aws_sqs_queue	fifo_queue	Tuning		UIVisible	Never		AlwaysReplace
aws_sqs_queue	kms_master_key_id	Wiring	Security	RileyVisible	RelationshipOnly		MayReplace
aws_sqs_queue	max_message_size	Tuning		RileyVisible	ChatSafe		
aws_sqs_queue	message_retention_seconds	Tuning	Reliability	RileyVisible	ChatSafe		
aws_sqs_queue	name	Identity		UIVisible	Never		
aws_sqs_queue	receive_wait_time_seconds	Tuning	Performance	RileyVisible	ChatSafe		
aws_sqs_queue	redrive_policy.deadLetterTargetArn	Wiring	Reliability	RileyVisible	RelationshipOnly		
aws_sqs_queue	redrive_policy.maxReceiveCount	Tuning	Reliability	RileyVisible	ChatSafe		
aws_sqs_queue	sqs_managed_sse_enabled	Tuning	Security	RileyVisible	RequiresApproval		MayReplace
aws_sqs_queue	tags	Tuning		Hidden	SystemOnly	Redacted	
aws_sqs_queue	tags_all	Tuning		Hidden	SystemOnly	Redacted	
aws_sqs_queue	visibility_timeout_seconds	Tuning	Reliability	RileyVisible	ChatSafe		
google_api_gateway_api	api_id	Identity		UIVisible	Never		AlwaysReplace
google_api_gateway_api	create_time	Identity		RileyVisible	Never		
google_api_gateway_api	display_name	Tuning		UIVisible	ChatSafe		
google_api_gateway_api	effective_labels	Tuning		Hidden	SystemOnly	Redacted	
google_api_gateway_api	id	Identity		RileyVisible	Never		
google_api_gateway_api	labels	Tuning		Hidden	SystemOnly	Redacted	
google_api_gateway_api	managed_service	Identity	Reliability	RileyVisible	Never		
google_api_gateway_api	name	Identity		UIVisible	Never		
google_api_gateway_api	project	Identity		UIVisible	Never		AlwaysReplace
google_api_gateway_api	terraform_labels	Tuning		Hidden	SystemOnly	Redacted	
google_api_gateway_api	timeouts	Tuning		Hidden	SystemOnly		
google_api_gateway_api_config	api	Wiring	Reliability	UIVisible	RelationshipOnly		AlwaysReplace
google_api_gateway_api_config	api_config_id	Identity		UIVisible	Never		AlwaysReplace
google_api_gateway_api_config	api_config_id_prefix	Identity		RileyVisible	Never		AlwaysReplace
google_api_gateway_api_config	display_name	Tuning		UIVisible	ChatSafe		
google_api_gateway_api_config	effective_labels	Tuning		Hidden	SystemOnly	Redacted	
google_api_gateway_api_config	gateway_config.backend_config.google_service_account	Wiring	Security	UIVisible	RelationshipOnly		MayReplace
google_api_gateway_api_config	grpc_services.file_descriptor_set.contents	Tuning	Reliability	RileyVisible	RequiresApproval		
google_api_gateway_api_config	grpc_services.source.contents	Tuning	Reliability	RileyVisible	RequiresApproval		
google_api_gateway_api_config	id	Identity		RileyVisible	Never		
google_api_gateway_api_config	labels	Tuning		Hidden	SystemOnly	Redacted	
google_api_gateway_api_config	managed_service_configs.contents	Tuning	Reliability	RileyVisible	RequiresApproval		
google_api_gateway_api_config	managed_service_configs.path	Tuning		RileyVisible	ChatSafe		
google_api_gateway_api_config	name	Identity		UIVisible	Never		
google_api_gateway_api_config	openapi_documents.document.contents	Tuning	Reliability	RileyVisible	RequiresApproval		AlwaysReplace
google_api_gateway_api_config	openapi_documents.document.path	Tuning		RileyVisible	ChatSafe		
google_api_gateway_api_config	project	Identity		UIVisible	Never		AlwaysReplace
google_api_gateway_api_config	service_config_id	Identity	Reliability	RileyVisible	Never		
google_api_gateway_api_config	terraform_labels	Tuning		Hidden	SystemOnly	Redacted	
google_api_gateway_api_config	timeouts	Tuning		Hidden	SystemOnly		
google_api_gateway_gateway	api_config	Wiring	Reliability	UIVisible	RelationshipOnly		AlwaysReplace
google_api_gateway_gateway	default_hostname	Identity	Reliability	UIVisible	Never		
google_api_gateway_gateway	display_name	Tuning		UIVisible	ChatSafe		
google_api_gateway_gateway	effective_labels	Tuning		Hidden	SystemOnly	Redacted	
google_api_gateway_gateway	gateway_id	Identity		UIVisible	Never		AlwaysReplace
google_api_gateway_gateway	id	Identity		RileyVisible	Never		
google_api_gateway_gateway	labels	Tuning		Hidden	SystemOnly	Redacted	
google_api_gateway_gateway	name	Identity		UIVisible	Never		
google_api_gateway_gateway	project	Identity		UIVisible	Never		AlwaysReplace
google_api_gateway_gateway	region	Identity		UIVisible	Never		AlwaysReplace
google_api_gateway_gateway	terraform_labels	Tuning		Hidden	SystemOnly	Redacted	
google_api_gateway_gateway	timeouts	Tuning		Hidden	SystemOnly		
google_cloud_run_v2_service	annotations	Tuning		Hidden	SystemOnly	Redacted	
google_cloud_run_v2_service	binary_authorization.policy	Wiring	Security	RileyVisible	RelationshipOnly		
google_cloud_run_v2_service	binary_authorization.use_default	Tuning	Security	RileyVisible	ChatSafe		
google_cloud_run_v2_service	custom_audiences	Tuning	Security	RileyVisible	RequiresApproval		
google_cloud_run_v2_service	deletion_protection	Tuning	Reliability	UIVisible	RequiresApproval		
google_cloud_run_v2_service	description	Tuning		RileyVisible	ChatSafe		
google_cloud_run_v2_service	effective_annotations	Tuning		Hidden	SystemOnly	Redacted	
google_cloud_run_v2_service	effective_labels	Tuning		Hidden	SystemOnly	Redacted	
google_cloud_run_v2_service	id	Identity		RileyVisible	Never		
google_cloud_run_v2_service	ingress	Tuning	Security	UIVisible	RequiresApproval		
google_cloud_run_v2_service	invoker_iam_disabled	Tuning	Security	UIVisible	RequiresApproval		
google_cloud_run_v2_service	labels	Tuning		Hidden	SystemOnly	Redacted	
google_cloud_run_v2_service	launch_stage	Tuning		RileyVisible	ChatSafe		
google_cloud_run_v2_service	location	Identity		UIVisible	Never		AlwaysReplace
google_cloud_run_v2_service	name	Identity		UIVisible	Never		
google_cloud_run_v2_service	project	Identity		UIVisible	Never		AlwaysReplace
google_cloud_run_v2_service	template.containers.args	Tuning		RileyVisible	ChatSafe		
google_cloud_run_v2_service	template.containers.command	Tuning		RileyVisible	ChatSafe		
google_cloud_run_v2_service	template.containers.env.name	Tuning		RileyVisible	ChatSafe		
google_cloud_run_v2_service	template.containers.env.value	Tuning		RileyVisible	RequiresApproval	Redacted	
google_cloud_run_v2_service	template.containers.image	Tuning	Reliability	UIVisible	RequiresApproval		
google_cloud_run_v2_service	template.containers.name	Identity		RileyVisible	Never		
google_cloud_run_v2_service	template.containers.ports.container_port	Tuning		RileyVisible	ChatSafe		
google_cloud_run_v2_service	template.containers.resources.limits	Tuning	Performance	RileyVisible	ChatSafe		
google_cloud_run_v2_service	template.execution_environment	Tuning	Reliability	RileyVisible	ChatSafe		
google_cloud_run_v2_service	template.max_instance_request_concurrency	Tuning	Performance	RileyVisible	ChatSafe		
google_cloud_run_v2_service	template.revision	Identity		RileyVisible	Never		
google_cloud_run_v2_service	template.scaling.max_instance_count	Tuning	Performance	UIVisible	ChatSafe		
google_cloud_run_v2_service	template.scaling.min_instance_count	Tuning	Performance	UIVisible	ChatSafe		
google_cloud_run_v2_service	template.service_account	Wiring	Security	UIVisible	RelationshipOnly		
google_cloud_run_v2_service	template.timeout	Tuning	Reliability	RileyVisible	ChatSafe		
google_cloud_run_v2_service	template.vpc_access.connector	Wiring	Reliability	RileyVisible	RelationshipOnly		
google_cloud_run_v2_service	template.vpc_access.egress	Tuning	Security	RileyVisible	ChatSafe		
google_cloud_run_v2_service	terraform_labels	Tuning		Hidden	SystemOnly	Redacted	
google_cloud_run_v2_service	timeouts	Tuning		Hidden	SystemOnly		
google_cloud_run_v2_service	traffic.percent	Tuning	Reliability	UIVisible	ChatSafe		
google_cloud_run_v2_service	traffic.revision	Wiring	Reliability	RileyVisible	RelationshipOnly		
google_cloud_run_v2_service	traffic.type	Tuning	Reliability	UIVisible	ChatSafe		
google_cloudbuild_trigger	approval_config.approval_required	Tuning	Reliability	UIVisible	RequiresApproval		
google_cloudbuild_trigger	description	Tuning		RileyVisible	ChatSafe		
google_cloudbuild_trigger	disabled	Tuning	Reliability	UIVisible	ChatSafe		
google_cloudbuild_trigger	filename	Tuning	Reliability	UIVisible	RequiresApproval		
google_cloudbuild_trigger	filter	Tuning		RileyVisible	ChatSafe		
google_cloudbuild_trigger	github.name	Wiring		UIVisible	RequiresApproval		
google_cloudbuild_trigger	github.owner	Wiring		UIVisible	RequiresApproval		
google_cloudbuild_trigger	github.pull_request.branch	Tuning		RileyVisible	ChatSafe		
google_cloudbuild_trigger	github.push.branch	Tuning		RileyVisible	ChatSafe		
google_cloudbuild_trigger	github.push.tag	Tuning		RileyVisible	ChatSafe		
google_cloudbuild_trigger	id	Identity		RileyVisible	Never		
google_cloudbuild_trigger	ignored_files	Tuning		RileyVisible	ChatSafe		
google_cloudbuild_trigger	include_build_logs	Tuning	Reliability	RileyVisible	ChatSafe		
google_cloudbuild_trigger	included_files	Tuning		RileyVisible	ChatSafe		
google_cloudbuild_trigger	location	Identity		UIVisible	Never		AlwaysReplace
google_cloudbuild_trigger	name	Identity		UIVisible	Never		
google_cloudbuild_trigger	project	Identity		UIVisible	Never		AlwaysReplace
google_cloudbuild_trigger	pubsub_config.service_account_email	Wiring	Security	RileyVisible	RelationshipOnly		
google_cloudbuild_trigger	pubsub_config.topic	Wiring		RileyVisible	RelationshipOnly		
google_cloudbuild_trigger	service_account	Wiring	Security	UIVisible	RelationshipOnly		
google_cloudbuild_trigger	substitutions	Tuning		RileyVisible	RequiresApproval	Redacted	
google_cloudbuild_trigger	timeouts	Tuning		Hidden	SystemOnly		
google_cloudbuild_trigger	trigger_id	Identity		RileyVisible	Never		
google_cloudbuild_trigger	webhook_config.secret	Wiring	Security	RileyVisible	RelationshipOnly	Redacted	
google_cloudfunctions2_function	build_config.docker_repository	Wiring	Reliability	RileyVisible	RelationshipOnly		
google_cloudfunctions2_function	build_config.entry_point	Tuning	Reliability	UIVisible	RequiresApproval		
google_cloudfunctions2_function	build_config.environment_variables	Tuning		Hidden	SystemOnly	Redacted	
google_cloudfunctions2_function	build_config.runtime	Tuning	Reliability	UIVisible	RequiresApproval		
google_cloudfunctions2_function	build_config.service_account	Wiring	Security	RileyVisible	RelationshipOnly		
google_cloudfunctions2_function	build_config.source.storage_source.bucket	Wiring		RileyVisible	RelationshipOnly		
google_cloudfunctions2_function	build_config.source.storage_source.object	Tuning		RileyVisible	RequiresApproval		
google_cloudfunctions2_function	description	Tuning		RileyVisible	ChatSafe		
google_cloudfunctions2_function	effective_labels	Tuning		Hidden	SystemOnly	Redacted	
google_cloudfunctions2_function	environment	Tuning		RileyVisible	Never		AlwaysReplace
google_cloudfunctions2_function	event_trigger.event_type	Tuning		UIVisible	RequiresApproval		
google_cloudfunctions2_function	event_trigger.pubsub_topic	Wiring		RileyVisible	RelationshipOnly		
google_cloudfunctions2_function	event_trigger.retry_policy	Tuning	Reliability	RileyVisible	ChatSafe		
google_cloudfunctions2_function	event_trigger.service_account_email	Wiring	Security	RileyVisible	RelationshipOnly		
google_cloudfunctions2_function	event_trigger.trigger_region	Tuning		RileyVisible	ChatSafe		
google_cloudfunctions2_function	id	Identity		RileyVisible	Never		
google_cloudfunctions2_function	kms_key_name	Wiring	Security	RileyVisible	RelationshipOnly		AlwaysReplace
google_cloudfunctions2_function	labels	Tuning		Hidden	SystemOnly	Redacted	
google_cloudfunctions2_function	location	Identity		UIVisible	Never		AlwaysReplace
google_cloudfunctions2_function	name	Identity		UIVisible	Never		
google_cloudfunctions2_function	project	Identity		UIVisible	Never		AlwaysReplace
google_cloudfunctions2_function	service_config.all_traffic_on_latest_revision	Tuning	Reliability	RileyVisible	ChatSafe		
google_cloudfunctions2_function	service_config.available_cpu	Tuning	Performance	RileyVisible	ChatSafe		
google_cloudfunctions2_function	service_config.available_memory	Tuning	Performance	RileyVisible	ChatSafe		
google_cloudfunctions2_function	service_config.environment_variables	Tuning		Hidden	SystemOnly	Redacted	
google_cloudfunctions2_function	service_config.ingress_settings	Tuning	Security	UIVisible	RequiresApproval		
google_cloudfunctions2_function	service_config.max_instance_count	Tuning	Performance	UIVisible	ChatSafe		
google_cloudfunctions2_function	service_config.max_instance_request_concurrency	Tuning	Performance	RileyVisible	ChatSafe		
google_cloudfunctions2_function	service_config.min_instance_count	Tuning	Performance	UIVisible	ChatSafe		
google_cloudfunctions2_function	service_config.service_account_email	Wiring	Security	UIVisible	RelationshipOnly		
google_cloudfunctions2_function	service_config.timeout_seconds	Tuning	Reliability	RileyVisible	ChatSafe		
google_cloudfunctions2_function	service_config.vpc_connector	Wiring	Reliability	RileyVisible	RelationshipOnly		
google_cloudfunctions2_function	service_config.vpc_connector_egress_settings	Tuning	Security	RileyVisible	ChatSafe		
google_cloudfunctions2_function	terraform_labels	Tuning		Hidden	SystemOnly	Redacted	
google_cloudfunctions2_function	timeouts	Tuning		Hidden	SystemOnly		
google_compute_address	address	Tuning		UIVisible	Never		AlwaysReplace
google_compute_address	address_type	Tuning		RileyVisible	Never		AlwaysReplace
google_compute_address	description	Tuning		RileyVisible	ChatSafe		
google_compute_address	effective_labels	Tuning		Hidden	SystemOnly	Redacted	
google_compute_address	id	Identity		RileyVisible	Never		
google_compute_address	ip_version	Tuning		RileyVisible	Never		AlwaysReplace
google_compute_address	labels	Tuning		Hidden	SystemOnly	Redacted	
google_compute_address	name	Identity		UIVisible	Never		
google_compute_address	network	Wiring	Reliability	RileyVisible	RelationshipOnly		AlwaysReplace
google_compute_address	network_tier	Tuning	Performance	RileyVisible	RequiresApproval		MayReplace
google_compute_address	prefix_length	Tuning		RileyVisible	Never		AlwaysReplace
google_compute_address	project	Identity		UIVisible	Never		AlwaysReplace
google_compute_address	purpose	Tuning		RileyVisible	Never		AlwaysReplace
google_compute_address	region	Identity		UIVisible	Never		AlwaysReplace
google_compute_address	self_link	Identity		RileyVisible	Never		
google_compute_address	subnetwork	Wiring	Reliability	RileyVisible	RelationshipOnly		AlwaysReplace
google_compute_address	terraform_labels	Tuning		Hidden	SystemOnly	Redacted	
google_compute_address	timeouts	Tuning		Hidden	SystemOnly		
google_compute_firewall	allow.ports	Tuning	Security	RileyVisible	RequiresApproval		
google_compute_firewall	allow.protocol	Tuning	Security	RileyVisible	RequiresApproval		
google_compute_firewall	deny.ports	Tuning	Security	RileyVisible	RequiresApproval		
google_compute_firewall	deny.protocol	Tuning	Security	RileyVisible	RequiresApproval		
google_compute_firewall	description	Tuning		RileyVisible	ChatSafe		
google_compute_firewall	destination_ranges	Tuning	Security	RileyVisible	RequiresApproval		
google_compute_firewall	direction	Tuning	Security	UIVisible	RequiresApproval		AlwaysReplace
google_compute_firewall	disabled	Tuning	Security	RileyVisible	RequiresApproval		
google_compute_firewall	enable_logging	Tuning	Security	RileyVisible	ChatSafe		
google_compute_firewall	id	Identity		RileyVisible	Never		
google_compute_firewall	log_config.metadata	Tuning	Security	RileyVisible	ChatSafe		
google_compute_firewall	name	Identity		UIVisible	Never		
google_compute_firewall	network	Wiring	Security	UIVisible	RelationshipOnly		AlwaysReplace
google_compute_firewall	priority	Tuning	Security	RileyVisible	RequiresApproval		
google_compute_firewall	project	Identity		UIVisible	Never		AlwaysReplace
google_compute_firewall	self_link	Identity		RileyVisible	Never		
google_compute_firewall	source_ranges	Tuning	Security	RileyVisible	RequiresApproval		
google_compute_firewall	source_service_accounts	Wiring	Security	RileyVisible	RelationshipOnly		
google_compute_firewall	source_tags	Tuning	Security	RileyVisible	RequiresApproval		
google_compute_firewall	target_service_accounts	Wiring	Security	RileyVisible	RelationshipOnly		
google_compute_firewall	target_tags	Tuning	Security	RileyVisible	RequiresApproval		
google_compute_firewall	timeouts	Tuning		Hidden	SystemOnly		
google_compute_forwarding_rule	all_ports	Tuning		RileyVisible	Never		AlwaysReplace
google_compute_forwarding_rule	allow_global_access	Tuning	Reliability	RileyVisible	ChatSafe		
google_compute_forwarding_rule	allow_psc_global_access	Tuning		RileyVisible	ChatSafe		
google_compute_forwarding_rule	backend_service	Wiring	Reliability	UIVisible	RelationshipOnly		
google_compute_forwarding_rule	description	Tuning		RileyVisible	ChatSafe		
google_compute_forwarding_rule	effective_labels	Tuning		Hidden	SystemOnly	Redacted	
google_compute_forwarding_rule	id	Identity		RileyVisible	Never		
google_compute_forwarding_rule	ip_address	Tuning		UIVisible	Never		AlwaysReplace
google_compute_forwarding_rule	ip_protocol	Tuning		RileyVisible	Never		AlwaysReplace
google_compute_forwarding_rule	ip_version	Tuning		RileyVisible	Never		AlwaysReplace
google_compute_forwarding_rule	labels	Tuning		Hidden	SystemOnly	Redacted	
google_compute_forwarding_rule	load_balancing_scheme	Tuning	Reliability	UIVisible	Never		AlwaysReplace
google_compute_forwarding_rule	name	Identity		UIVisible	Never		
google_compute_forwarding_rule	network	Wiring	Reliability	RileyVisible	RelationshipOnly		AlwaysReplace
google_compute_forwarding_rule	network_tier	Tuning	Performance	RileyVisible	RequiresApproval		MayReplace
google_compute_forwarding_rule	port_range	Tuning		RileyVisible	RequiresApproval		MayReplace
google_compute_forwarding_rule	ports	Tuning		RileyVisible	RequiresApproval		MayReplace
google_compute_forwarding_rule	project	Identity		UIVisible	Never		AlwaysReplace
google_compute_forwarding_rule	region	Identity		UIVisible	Never		AlwaysReplace
google_compute_forwarding_rule	self_link	Identity		RileyVisible	Never		
google_compute_forwarding_rule	service_label	Tuning		RileyVisible	RequiresApproval		
google_compute_forwarding_rule	subnetwork	Wiring	Reliability	RileyVisible	RelationshipOnly		AlwaysReplace
google_compute_forwarding_rule	target	Wiring	Reliability	UIVisible	RelationshipOnly		
google_compute_forwarding_rule	terraform_labels	Tuning		Hidden	SystemOnly	Redacted	
google_compute_forwarding_rule	timeouts	Tuning		Hidden	SystemOnly		
google_compute_global_address	address	Tuning		UIVisible	Never		AlwaysReplace
google_compute_global_address	address_type	Tuning		RileyVisible	Never		AlwaysReplace
google_compute_global_address	description	Tuning		RileyVisible	ChatSafe		
google_compute_global_address	effective_labels	Tuning		Hidden	SystemOnly	Redacted	
google_compute_global_address	id	Identity		RileyVisible	Never		
google_compute_global_address	ip_version	Tuning		RileyVisible	Never		AlwaysReplace
google_compute_global_address	labels	Tuning		Hidden	SystemOnly	Redacted	
google_compute_global_address	name	Identity		UIVisible	Never		
google_compute_global_address	network	Wiring	Reliability	RileyVisible	RelationshipOnly		AlwaysReplace
google_compute_global_address	prefix_length	Tuning		RileyVisible	Never		AlwaysReplace
google_compute_global_address	project	Identity		UIVisible	Never		AlwaysReplace
google_compute_global_address	purpose	Tuning		RileyVisible	Never		AlwaysReplace
google_compute_global_address	self_link	Identity		RileyVisible	Never		
google_compute_global_address	terraform_labels	Tuning		Hidden	SystemOnly	Redacted	
google_compute_global_address	timeouts	Tuning		Hidden	SystemOnly		
google_compute_global_forwarding_rule	description	Tuning		RileyVisible	ChatSafe		
google_compute_global_forwarding_rule	effective_labels	Tuning		Hidden	SystemOnly	Redacted	
google_compute_global_forwarding_rule	id	Identity		RileyVisible	Never		
google_compute_global_forwarding_rule	ip_address	Tuning		UIVisible	Never		AlwaysReplace
google_compute_global_forwarding_rule	ip_protocol	Tuning		RileyVisible	Never		AlwaysReplace
google_compute_global_forwarding_rule	ip_version	Tuning		RileyVisible	Never		AlwaysReplace
google_compute_global_forwarding_rule	labels	Tuning		Hidden	SystemOnly	Redacted	
google_compute_global_forwarding_rule	load_balancing_scheme	Tuning	Reliability	UIVisible	Never		AlwaysReplace
google_compute_global_forwarding_rule	name	Identity		UIVisible	Never		
google_compute_global_forwarding_rule	network	Wiring	Reliability	RileyVisible	RelationshipOnly		AlwaysReplace
google_compute_global_forwarding_rule	port_range	Tuning		RileyVisible	RequiresApproval		MayReplace
google_compute_global_forwarding_rule	project	Identity		UIVisible	Never		AlwaysReplace
google_compute_global_forwarding_rule	self_link	Identity		RileyVisible	Never		
google_compute_global_forwarding_rule	subnetwork	Wiring	Reliability	RileyVisible	RelationshipOnly		AlwaysReplace
google_compute_global_forwarding_rule	target	Wiring	Reliability	UIVisible	RelationshipOnly		
google_compute_global_forwarding_rule	terraform_labels	Tuning		Hidden	SystemOnly	Redacted	
google_compute_global_forwarding_rule	timeouts	Tuning		Hidden	SystemOnly		
google_compute_instance	allow_stopping_for_update	Tuning		RileyVisible	ChatSafe		
google_compute_instance	boot_disk.auto_delete	Tuning	Reliability	RileyVisible	ChatSafe		
google_compute_instance	boot_disk.device_name	Identity		RileyVisible	Never		
google_compute_instance	boot_disk.initialize_params.image	Tuning	Reliability	UIVisible	RequiresApproval		AlwaysReplace
google_compute_instance	boot_disk.initialize_params.size	Tuning	Performance	RileyVisible	RequiresApproval		MayReplace
google_compute_instance	boot_disk.initialize_params.type	Tuning	Performance	RileyVisible	RequiresApproval		MayReplace
google_compute_instance	boot_disk.kms_key_self_link	Wiring	Security	RileyVisible	RelationshipOnly		AlwaysReplace
google_compute_instance	boot_disk.source	Wiring	Reliability	RileyVisible	RelationshipOnly		AlwaysReplace
google_compute_instance	can_ip_forward	Tuning	Security	RileyVisible	ChatSafe		
google_compute_instance	deletion_protection	Tuning	Reliability	UIVisible	RequiresApproval		
google_compute_instance	description	Tuning		RileyVisible	ChatSafe		
google_compute_instance	desired_status	Tuning		UIVisible	RequiresApproval		
google_compute_instance	effective_labels	Tuning		Hidden	SystemOnly	Redacted	
google_compute_instance	enable_display	Tuning		RileyVisible	ChatSafe		
google_compute_instance	hostname	Identity		RileyVisible	Never		AlwaysReplace
google_compute_instance	id	Identity		RileyVisible	Never		
google_compute_instance	labels	Tuning		Hidden	SystemOnly	Redacted	
google_compute_instance	machine_type	Tuning	Performance	UIVisible	RequiresApproval		MayReplace
google_compute_instance	metadata	Tuning	Security	RileyVisible	RequiresApproval	Redacted	
google_compute_instance	metadata_startup_script	Tuning	Reliability	RileyVisible	RequiresApproval	Redacted	
google_compute_instance	min_cpu_platform	Tuning	Performance	RileyVisible	ChatSafe		
google_compute_instance	name	Identity		UIVisible	Never		
google_compute_instance	network_interface.access_config.nat_ip	Tuning		RileyVisible	RequiresApproval		MayReplace
google_compute_instance	network_interface.access_config.network_tier	Tuning	Performance	RileyVisible	RequiresApproval		MayReplace
google_compute_instance	network_interface.network	Wiring	Reliability	UIVisible	RelationshipOnly		AlwaysReplace
google_compute_instance	network_interface.network_ip	Tuning		RileyVisible	Never		AlwaysReplace
google_compute_instance	network_interface.nic_type	Tuning	Performance	RileyVisible	Never		AlwaysReplace
google_compute_instance	network_interface.subnetwork	Wiring	Reliability	UIVisible	RelationshipOnly		AlwaysReplace
google_compute_instance	project	Identity		UIVisible	Never		AlwaysReplace
google_compute_instance	resource_policies	Wiring		RileyVisible	RelationshipOnly		
google_compute_instance	scheduling.automatic_restart	Tuning	Reliability	RileyVisible	ChatSafe		
google_compute_instance	scheduling.on_host_maintenance	Tuning	Reliability	RileyVisible	ChatSafe		
google_compute_instance	scheduling.preemptible	Tuning	Reliability	UIVisible	RequiresApproval		AlwaysReplace
google_compute_instance	scheduling.provisioning_model	Tuning	Reliability	RileyVisible	RequiresApproval		AlwaysReplace
google_compute_instance	self_link	Identity		RileyVisible	Never		
google_compute_instance	service_account.email	Wiring	Security	UIVisible	RelationshipOnly		
google_compute_instance	service_account.scopes	Tuning	Security	RileyVisible	RequiresApproval		
google_compute_instance	shielded_instance_config.enable_integrity_monitoring	Tuning	Security	RileyVisible	RequiresApproval		
google_compute_instance	shielded_instance_config.enable_secure_boot	Tuning	Security	RileyVisible	RequiresApproval		
google_compute_instance	shielded_instance_config.enable_vtpm	Tuning	Security	RileyVisible	RequiresApproval		
google_compute_instance	terraform_labels	Tuning		Hidden	SystemOnly	Redacted	
google_compute_instance	timeouts	Tuning		Hidden	SystemOnly		
google_compute_instance	zone	Identity		UIVisible	Never		AlwaysReplace
google_compute_network	auto_create_subnetworks	Tuning	Reliability	RileyVisible	RequiresApproval		MayReplace
google_compute_network	delete_default_routes_on_create	Tuning	Security	RileyVisible	Never		AlwaysReplace
google_compute_network	description	Tuning		RileyVisible	ChatSafe		
google_compute_network	enable_ula_internal_ipv6	Tuning	Performance	RileyVisible	ChatSafe		
google_compute_network	gateway_ipv4	Identity		RileyVisible	Never		
google_compute_network	id	Identity		RileyVisible	Never		
google_compute_network	mtu	Tuning	Performance	RileyVisible	ChatSafe		
google_compute_network	name	Identity		UIVisible	Never		
google_compute_network	network_firewall_policy_enforcement_order	Tuning	Security	RileyVisible	RequiresApproval		
google_compute_network	numeric_id	Identity		RileyVisible	Never		
google_compute_network	project	Identity		UIVisible	Never		AlwaysReplace
google_compute_network	routing_mode	Tuning	Performance	RileyVisible	ChatSafe		
google_compute_network	self_link	Identity		RileyVisible	Never		
google_compute_network	timeouts	Tuning		Hidden	SystemOnly		
google_compute_router	bgp.advertise_mode	Tuning	Reliability	RileyVisible	ChatSafe		
google_compute_router	bgp.advertised_groups	Tuning	Reliability	RileyVisible	ChatSafe		
google_compute_router	bgp.asn	Tuning	Reliability	RileyVisible	RequiresApproval		AlwaysReplace
google_compute_router	bgp.keepalive_interval	Tuning	Reliability	RileyVisible	ChatSafe		
google_compute_router	description	Tuning		RileyVisible	ChatSafe		
google_compute_router	encrypted_interconnect_router	Tuning	Security	RileyVisible	Never		AlwaysReplace
google_compute_router	id	Identity		RileyVisible	Never		
google_compute_router	name	Identity		UIVisible	Never		
google_compute_router	network	Wiring	Reliability	UIVisible	RelationshipOnly		AlwaysReplace
google_compute_router	project	Identity		UIVisible	Never		AlwaysReplace
google_compute_router	region	Identity		UIVisible	Never		AlwaysReplace
google_compute_router	self_link	Identity		RileyVisible	Never		
google_compute_router	timeouts	Tuning		Hidden	SystemOnly		
google_compute_security_policy	adaptive_protection_config.layer_7_ddos_defense_config.enable	Tuning	Security	UIVisible	ChatSafe		
google_compute_security_policy	adaptive_protection_config.layer_7_ddos_defense_config.rule_visibility	Tuning	Security	RileyVisible	ChatSafe		
google_compute_security_policy	advanced_options_config.json_parsing	Tuning	Security	RileyVisible	ChatSafe		
google_compute_security_policy	advanced_options_config.log_level	Tuning	Security	RileyVisible	ChatSafe		
google_compute_security_policy	description	Tuning		RileyVisible	ChatSafe		
google_compute_security_policy	id	Identity		RileyVisible	Never		
google_compute_security_policy	name	Identity		UIVisible	Never		
google_compute_security_policy	project	Identity		UIVisible	Never		AlwaysReplace
google_compute_security_policy	rule.action	Tuning	Security	UIVisible	RequiresApproval		
google_compute_security_policy	rule.description	Tuning		RileyVisible	ChatSafe		
google_compute_security_policy	rule.match.config.src_ip_ranges	Tuning	Security	RileyVisible	RequiresApproval		
google_compute_security_policy	rule.match.expr.expression	Tuning	Security	RileyVisible	RequiresApproval		
google_compute_security_policy	rule.match.versioned_expr	Tuning	Security	RileyVisible	RequiresApproval		
google_compute_security_policy	rule.preview	Tuning	Security	RileyVisible	ChatSafe		
google_compute_security_policy	rule.priority	Tuning	Security	RileyVisible	RequiresApproval		
google_compute_security_policy	self_link	Identity		RileyVisible	Never		
google_compute_security_policy	timeouts	Tuning		Hidden	SystemOnly		
google_compute_security_policy	type	Tuning	Security	UIVisible	Never		AlwaysReplace
google_compute_target_https_proxy	certificate_manager_certificates	Wiring	Security	UIVisible	RelationshipOnly		
google_compute_target_https_proxy	certificate_map	Wiring	Security	RileyVisible	RelationshipOnly		
google_compute_target_https_proxy	description	Tuning		RileyVisible	ChatSafe		
google_compute_target_https_proxy	http_keep_alive_timeout_sec	Tuning	Performance	RileyVisible	ChatSafe		
google_compute_target_https_proxy	id	Identity		RileyVisible	Never		
google_compute_target_https_proxy	name	Identity		UIVisible	Never		
google_compute_target_https_proxy	project	Identity		UIVisible	Never		AlwaysReplace
google_compute_target_https_proxy	proxy_bind	Tuning		RileyVisible	Never		AlwaysReplace
google_compute_target_https_proxy	quic_override	Tuning	Performance	RileyVisible	ChatSafe		
google_compute_target_https_proxy	self_link	Identity		RileyVisible	Never		
google_compute_target_https_proxy	server_tls_policy	Wiring	Security	RileyVisible	RelationshipOnly		
google_compute_target_https_proxy	ssl_certificates	Wiring	Security	UIVisible	RelationshipOnly		
google_compute_target_https_proxy	ssl_policy	Wiring	Security	RileyVisible	RelationshipOnly		
google_compute_target_https_proxy	timeouts	Tuning		Hidden	SystemOnly		
google_compute_target_https_proxy	tls_early_data	Tuning	Security	RileyVisible	RequiresApproval		
google_compute_target_https_proxy	url_map	Wiring	Reliability	UIVisible	RelationshipOnly		
google_compute_url_map	default_service	Wiring	Reliability	UIVisible	RelationshipOnly		
google_compute_url_map	description	Tuning		RileyVisible	ChatSafe		
google_compute_url_map	host_rule.hosts	Tuning	Reliability	UIVisible	RequiresApproval		
google_compute_url_map	host_rule.path_matcher	Tuning	Reliability	RileyVisible	RequiresApproval		
google_compute_url_map	id	Identity		RileyVisible	Never		
google_compute_url_map	name	Identity		UIVisible	Never		
google_compute_url_map	path_matcher.default_service	Wiring	Reliability	RileyVisible	RelationshipOnly		
google_compute_url_map	path_matcher.name	Identity		RileyVisible	Never		
google_compute_url_map	path_matcher.path_rule.paths	Tuning	Reliability	RileyVisible	RequiresApproval		
google_compute_url_map	path_matcher.path_rule.service	Wiring	Reliability	RileyVisible	RelationshipOnly		
google_compute_url_map	project	Identity		UIVisible	Never		AlwaysReplace
google_compute_url_map	self_link	Identity		RileyVisible	Never		
google_compute_url_map	timeouts	Tuning		Hidden	SystemOnly		
google_container_cluster	database_encryption.key_name	Wiring	Security	RileyVisible	RelationshipOnly		
google_container_cluster	database_encryption.state	Tuning	Security	UIVisible	RequiresApproval		
google_container_cluster	datapath_provider	Tuning	Reliability	RileyVisible	Never		AlwaysReplace
google_container_cluster	default_max_pods_per_node	Tuning	Performance	RileyVisible	Never		AlwaysReplace
google_container_cluster	deletion_protection	Tuning	Reliability	UIVisible	RequiresApproval		
google_container_cluster	description	Tuning		RileyVisible	ChatSafe		
google_container_cluster	effective_labels	Tuning		Hidden	SystemOnly	Redacted	
google_container_cluster	enable_autopilot	Tuning	Performance	UIVisible	Never		AlwaysReplace
google_container_cluster	enable_intranode_visibility	Tuning	Security	RileyVisible	RequiresApproval		
google_container_cluster	enable_legacy_abac	Tuning	Security	RileyVisible	RequiresApproval		
google_container_cluster	enable_shielded_nodes	Tuning	Security	UIVisible	RequiresApproval		
google_container_cluster	id	Identity		RileyVisible	Never		
google_container_cluster	initial_node_count	Tuning	Performance	RileyVisible	Never		AlwaysReplace
google_container_cluster	ip_allocation_policy.cluster_ipv4_cidr_block	Tuning	Reliability	RileyVisible	Never		AlwaysReplace
google_container_cluster	ip_allocation_policy.cluster_secondary_range_name	Wiring		RileyVisible	Never		AlwaysReplace
google_container_cluster	ip_allocation_policy.services_ipv4_cidr_block	Tuning	Reliability	RileyVisible	Never		AlwaysReplace
google_container_cluster	ip_allocation_policy.services_secondary_range_name	Wiring		RileyVisible	Never		AlwaysReplace
google_container_cluster	location	Identity		UIVisible	Never		AlwaysReplace
google_container_cluster	master_auth.client_certificate_config.issue_client_certificate	Tuning	Security	RileyVisible	Never		AlwaysReplace
google_container_cluster	min_master_version	Tuning	Reliability	UIVisible	RequiresApproval		
google_container_cluster	name	Identity		UIVisible	Never		
google_container_cluster	network	Wiring	Reliability	UIVisible	RelationshipOnly		AlwaysReplace
google_container_cluster	networking_mode	Tuning	Reliability	UIVisible	Never		AlwaysReplace
google_container_cluster	node_config.disk_size_gb	Tuning	Performance	RileyVisible	Never		AlwaysReplace
google_container_cluster	node_config.disk_type	Tuning	Performance	RileyVisible	Never		AlwaysReplace
google_container_cluster	node_config.machine_type	Tuning	Performance	UIVisible	Never		AlwaysReplace
google_container_cluster	node_config.oauth_scopes	Tuning	Security	RileyVisible	Never		AlwaysReplace
google_container_cluster	node_config.service_account	Wiring	Security	UIVisible	RelationshipOnly		AlwaysReplace
google_container_cluster	node_version	Tuning	Reliability	UIVisible	RequiresApproval		
google_container_cluster	private_cluster_config.enable_private_endpoint	Tuning	Security	UIVisible	RequiresApproval		
google_container_cluster	private_cluster_config.enable_private_nodes	Tuning	Security	UIVisible	RequiresApproval		
google_container_cluster	private_cluster_config.master_ipv4_cidr_block	Tuning		RileyVisible	Never		AlwaysReplace
google_container_cluster	project	Identity		UIVisible	Never		AlwaysReplace
google_container_cluster	release_channel.channel	Tuning	Reliability	UIVisible	RequiresApproval		
google_container_cluster	remove_default_node_pool	Tuning		RileyVisible	Never		AlwaysReplace
google_container_cluster	resource_labels	Tuning		Hidden	SystemOnly	Redacted	
google_container_cluster	self_link	Identity		RileyVisible	Never		
google_container_cluster	subnetwork	Wiring	Reliability	UIVisible	RelationshipOnly		AlwaysReplace
google_container_cluster	terraform_labels	Tuning		Hidden	SystemOnly	Redacted	
google_container_cluster	timeouts	Tuning		Hidden	SystemOnly		
google_container_cluster	workload_identity_config.workload_pool	Wiring	Security	UIVisible	RelationshipOnly		
google_container_node_pool	autoscaling.location_policy	Tuning		RileyVisible	ChatSafe		
google_container_node_pool	autoscaling.max_node_count	Tuning	Performance	UIVisible	ChatSafe		
google_container_node_pool	autoscaling.min_node_count	Tuning	Performance	UIVisible	ChatSafe		
google_container_node_pool	autoscaling.total_max_node_count	Tuning	Performance	RileyVisible	ChatSafe		
google_container_node_pool	autoscaling.total_min_node_count	Tuning	Performance	RileyVisible	ChatSafe		
google_container_node_pool	cluster	Wiring	Reliability	UIVisible	RelationshipOnly		AlwaysReplace
google_container_node_pool	id	Identity		RileyVisible	Never		
google_container_node_pool	initial_node_count	Tuning	Performance	RileyVisible	Never		AlwaysReplace
google_container_node_pool	location	Identity		UIVisible	Never		AlwaysReplace
google_container_node_pool	management.auto_repair	Tuning	Reliability	UIVisible	ChatSafe		
google_container_node_pool	management.auto_upgrade	Tuning	Reliability	UIVisible	ChatSafe		
google_container_node_pool	max_pods_per_node	Tuning	Performance	RileyVisible	Never		AlwaysReplace
google_container_node_pool	name	Identity		UIVisible	Never		
google_container_node_pool	name_prefix	Identity		RileyVisible	Never		AlwaysReplace
google_container_node_pool	node_config.disk_size_gb	Tuning	Performance	RileyVisible	Never		AlwaysReplace
google_container_node_pool	node_config.disk_type	Tuning	Performance	RileyVisible	Never		AlwaysReplace
google_container_node_pool	node_config.machine_type	Tuning	Performance	UIVisible	Never		AlwaysReplace
google_container_node_pool	node_config.preemptible	Tuning	Reliability	RileyVisible	Never		AlwaysReplace
google_container_node_pool	node_config.service_account	Wiring	Security	UIVisible	RelationshipOnly		AlwaysReplace
google_container_node_pool	node_config.spot	Tuning	Reliability	RileyVisible	Never		AlwaysReplace
google_container_node_pool	node_count	Tuning	Performance	UIVisible	ChatSafe		
google_container_node_pool	node_locations	Tuning	Reliability	RileyVisible	RequiresApproval		
google_container_node_pool	project	Identity		UIVisible	Never		AlwaysReplace
google_container_node_pool	timeouts	Tuning		Hidden	SystemOnly		
google_container_node_pool	upgrade_settings.max_surge	Tuning	Reliability	RileyVisible	ChatSafe		
google_container_node_pool	upgrade_settings.max_unavailable	Tuning	Reliability	RileyVisible	ChatSafe		
google_container_node_pool	upgrade_settings.strategy	Tuning	Reliability	RileyVisible	ChatSafe		
google_container_node_pool	version	Tuning	Reliability	UIVisible	RequiresApproval		
google_firestore_database	app_engine_integration_mode	Tuning		RileyVisible	Never		AlwaysReplace
google_firestore_database	concurrency_mode	Tuning	Reliability	RileyVisible	RequiresApproval		
google_firestore_database	delete_protection_state	Tuning	Reliability	UIVisible	RequiresApproval		
google_firestore_database	deletion_policy	Tuning	Reliability	RileyVisible	RequiresApproval		
google_firestore_database	id	Identity		RileyVisible	Never		
google_firestore_database	location_id	Identity		UIVisible	Never		AlwaysReplace
google_firestore_database	name	Identity		UIVisible	Never		
google_firestore_database	point_in_time_recovery_enablement	Tuning	Reliability	UIVisible	RequiresApproval		
google_firestore_database	project	Identity		UIVisible	Never		AlwaysReplace
google_firestore_database	timeouts	Tuning		Hidden	SystemOnly		
google_firestore_database	type	Tuning	Reliability	UIVisible	Never		AlwaysReplace
google_firestore_database	version_retention_period	Tuning	Reliability	RileyVisible	ChatSafe		
google_identity_platform_config	authorized_domains	Tuning	Security	UIVisible	RequiresApproval		
google_identity_platform_config	autodelete_anonymous_users	Tuning	Reliability	RileyVisible	ChatSafe		
google_identity_platform_config	id	Identity		RileyVisible	Never		
google_identity_platform_config	name	Identity		UIVisible	Never		
google_identity_platform_config	project	Identity		UIVisible	Never		AlwaysReplace
google_identity_platform_config	timeouts	Tuning		Hidden	SystemOnly		
google_kms_crypto_key	crypto_key_backend	Wiring	Security	RileyVisible	RelationshipOnly		AlwaysReplace
google_kms_crypto_key	destroy_scheduled_duration	Tuning	Reliability	RileyVisible	RequiresApproval		
google_kms_crypto_key	effective_labels	Tuning		Hidden	SystemOnly	Redacted	
google_kms_crypto_key	id	Identity		RileyVisible	Never		
google_kms_crypto_key	import_only	Tuning	Security	RileyVisible	Never		AlwaysReplace
google_kms_crypto_key	key_ring	Wiring	Security	UIVisible	RelationshipOnly		AlwaysReplace
google_kms_crypto_key	labels	Tuning		Hidden	SystemOnly	Redacted	
google_kms_crypto_key	name	Identity		UIVisible	Never		
google_kms_crypto_key	purpose	Tuning	Security	UIVisible	Never		AlwaysReplace
google_kms_crypto_key	rotation_period	Tuning	Security	RileyVisible	RequiresApproval		
google_kms_crypto_key	skip_initial_version_creation	Tuning		RileyVisible	Never		AlwaysReplace
google_kms_crypto_key	terraform_labels	Tuning		Hidden	SystemOnly	Redacted	
google_kms_crypto_key	timeouts	Tuning		Hidden	SystemOnly		
google_kms_crypto_key	version_template.algorithm	Tuning	Security	UIVisible	RequiresApproval		
google_kms_crypto_key	version_template.protection_level	Tuning	Security	UIVisible	Never		AlwaysReplace
google_kms_key_ring	id	Identity		RileyVisible	Never		
google_kms_key_ring	location	Identity		UIVisible	Never		AlwaysReplace
google_kms_key_ring	name	Identity		UIVisible	Never		
google_kms_key_ring	project	Identity		UIVisible	Never		AlwaysReplace
google_kms_key_ring	timeouts	Tuning		Hidden	SystemOnly		
google_logging_project_sink	custom_writer_identity	Wiring	Security	RileyVisible	RelationshipOnly		
google_logging_project_sink	description	Tuning		RileyVisible	ChatSafe		
google_logging_project_sink	destination	Wiring	Reliability	UIVisible	RelationshipOnly		
google_logging_project_sink	disabled	Tuning	Reliability	UIVisible	ChatSafe		
google_logging_project_sink	filter	Tuning	Reliability	RileyVisible	RequiresApproval		
google_logging_project_sink	id	Identity		RileyVisible	Never		
google_logging_project_sink	name	Identity		UIVisible	Never		
google_logging_project_sink	project	Identity		UIVisible	Never		AlwaysReplace
google_logging_project_sink	unique_writer_identity	Tuning	Security	UIVisible	RequiresApproval		AlwaysReplace
google_logging_project_sink	writer_identity	Identity		RileyVisible	Never		
google_monitoring_alert_policy	alert_strategy.auto_close	Tuning	Reliability	RileyVisible	ChatSafe		
google_monitoring_alert_policy	alert_strategy.notification_rate_limit.period	Tuning	Reliability	RileyVisible	ChatSafe		
google_monitoring_alert_policy	combiner	Tuning	Reliability	UIVisible	RequiresApproval		
google_monitoring_alert_policy	conditions.condition_threshold.comparison	Tuning	Reliability	RileyVisible	ChatSafe		
google_monitoring_alert_policy	conditions.condition_threshold.duration	Tuning	Reliability	RileyVisible	ChatSafe		
google_monitoring_alert_policy	conditions.condition_threshold.filter	Tuning	Reliability	RileyVisible	RequiresApproval		
google_monitoring_alert_policy	conditions.condition_threshold.threshold_value	Tuning	Reliability	RileyVisible	RequiresApproval		
google_monitoring_alert_policy	conditions.display_name	Identity		RileyVisible	ChatSafe		
google_monitoring_alert_policy	display_name	Tuning		UIVisible	ChatSafe		
google_monitoring_alert_policy	documentation.content	Tuning		RileyVisible	ChatSafe		
google_monitoring_alert_policy	documentation.mime_type	Tuning		RileyVisible	ChatSafe		
google_monitoring_alert_policy	documentation.subject	Tuning		RileyVisible	ChatSafe		
google_monitoring_alert_policy	enabled	Tuning	Reliability	UIVisible	ChatSafe		
google_monitoring_alert_policy	id	Identity		RileyVisible	Never		
google_monitoring_alert_policy	name	Identity		UIVisible	Never		
google_monitoring_alert_policy	notification_channels	Wiring	Reliability	UIVisible	RelationshipOnly		
google_monitoring_alert_policy	project	Identity		UIVisible	Never		AlwaysReplace
google_monitoring_alert_policy	severity	Tuning	Reliability	RileyVisible	ChatSafe		
google_monitoring_alert_policy	timeouts	Tuning		Hidden	SystemOnly		
google_monitoring_alert_policy	user_labels	Tuning		Hidden	SystemOnly	Redacted	
google_monitoring_dashboard	dashboard_json	Tuning	Reliability	RileyVisible	ChatSafe		
google_monitoring_dashboard	id	Identity		RileyVisible	Never		
google_monitoring_dashboard	project	Identity		UIVisible	Never		AlwaysReplace
google_monitoring_dashboard	timeouts	Tuning		Hidden	SystemOnly		
google_monitoring_notification_channel	description	Tuning		RileyVisible	ChatSafe		
google_monitoring_notification_channel	display_name	Tuning		UIVisible	ChatSafe		
google_monitoring_notification_channel	enabled	Tuning	Reliability	UIVisible	ChatSafe		
google_monitoring_notification_channel	force_delete	Tuning		RileyVisible	RequiresApproval		
google_monitoring_notification_channel	id	Identity		RileyVisible	Never		
google_monitoring_notification_channel	labels	Tuning		Hidden	SystemOnly	Redacted	
google_monitoring_notification_channel	name	Identity		UIVisible	Never		
google_monitoring_notification_channel	project	Identity		UIVisible	Never		AlwaysReplace
google_monitoring_notification_channel	sensitive_labels	Tuning		Hidden	SystemOnly	Redacted	
google_monitoring_notification_channel	timeouts	Tuning		Hidden	SystemOnly		
google_monitoring_notification_channel	type	Identity		UIVisible	Never		AlwaysReplace
google_monitoring_notification_channel	user_labels	Tuning		Hidden	SystemOnly	Redacted	
google_pubsub_subscription	ack_deadline_seconds	Tuning	Reliability	RileyVisible	ChatSafe		
google_pubsub_subscription	bigquery_config.drop_unknown_fields	Tuning		RileyVisible	ChatSafe		
google_pubsub_subscription	bigquery_config.service_account_email	Wiring	Security	RileyVisible	RelationshipOnly		
google_pubsub_subscription	bigquery_config.table	Wiring		RileyVisible	RelationshipOnly		
google_pubsub_subscription	bigquery_config.use_table_schema	Tuning		RileyVisible	ChatSafe		
google_pubsub_subscription	bigquery_config.use_topic_schema	Tuning		RileyVisible	ChatSafe		
google_pubsub_subscription	bigquery_config.write_metadata	Tuning		RileyVisible	ChatSafe		
google_pubsub_subscription	cloud_storage_config.avro_config.use_topic_schema	Tuning		RileyVisible	ChatSafe		
google_pubsub_subscription	cloud_storage_config.avro_config.write_metadata	Tuning		RileyVisible	ChatSafe		
google_pubsub_subscription	cloud_storage_config.bucket	Wiring		RileyVisible	RelationshipOnly		
google_pubsub_subscription	cloud_storage_config.filename_datetime_format	Tuning		RileyVisible	ChatSafe		
google_pubsub_subscription	cloud_storage_config.filename_prefix	Tuning		RileyVisible	ChatSafe		
google_pubsub_subscription	cloud_storage_config.filename_suffix	Tuning		RileyVisible	ChatSafe		
google_pubsub_subscription	cloud_storage_config.max_bytes	Tuning	Performance	RileyVisible	ChatSafe		
google_pubsub_subscription	cloud_storage_config.max_duration	Tuning	Performance	RileyVisible	ChatSafe		
google_pubsub_subscription	cloud_storage_config.max_messages	Tuning	Performance	RileyVisible	ChatSafe		
google_pubsub_subscription	cloud_storage_config.service_account_email	Wiring	Security	RileyVisible	RelationshipOnly		
google_pubsub_subscription	dead_letter_policy.dead_letter_topic	Wiring	Reliability	RileyVisible	RelationshipOnly		
google_pubsub_subscription	dead_letter_policy.max_delivery_attempts	Tuning	Reliability	RileyVisible	ChatSafe		
google_pubsub_subscription	effective_labels	Tuning		Hidden	SystemOnly	Redacted	
google_pubsub_subscription	enable_exactly_once_delivery	Tuning	Reliability	RileyVisible	ChatSafe		
google_pubsub_subscription	enable_message_ordering	Tuning	Reliability	RileyVisible	Never		AlwaysReplace
google_pubsub_subscription	expiration_policy.ttl	Tuning	Reliability	RileyVisible	ChatSafe		
google_pubsub_subscription	filter	Tuning		RileyVisible	Never		AlwaysReplace
google_pubsub_subscription	id	Identity		RileyVisible	Never		
google_pubsub_subscription	labels	Tuning		Hidden	SystemOnly	Redacted	
google_pubsub_subscription	message_retention_duration	Tuning	Reliability	RileyVisible	ChatSafe		
google_pubsub_subscription	name	Identity		UIVisible	Never		
google_pubsub_subscription	project	Identity		UIVisible	Never		AlwaysReplace
google_pubsub_subscription	push_config.attributes	Tuning	Security	RileyVisible	RequiresApproval	Redacted	
google_pubsub_subscription	push_config.oidc_token.audience	Tuning	Security	RileyVisible	RequiresApproval	Redacted	
google_pubsub_subscription	push_config.oidc_token.service_account_email	Wiring	Security	RileyVisible	RelationshipOnly		
google_pubsub_subscription	push_config.push_endpoint	Tuning	Security	RileyVisible	RequiresApproval	Redacted	
google_pubsub_subscription	retain_acked_messages	Tuning	Reliability	RileyVisible	ChatSafe		
google_pubsub_subscription	retry_policy.maximum_backoff	Tuning	Reliability	RileyVisible	ChatSafe		
google_pubsub_subscription	retry_policy.minimum_backoff	Tuning	Reliability	RileyVisible	ChatSafe		
google_pubsub_subscription	terraform_labels	Tuning		Hidden	SystemOnly	Redacted	
google_pubsub_subscription	timeouts	Tuning		Hidden	SystemOnly		
google_pubsub_subscription	topic	Wiring	Reliability	UIVisible	RelationshipOnly		
google_pubsub_topic	effective_labels	Tuning		Hidden	SystemOnly	Redacted	
google_pubsub_topic	id	Identity		RileyVisible	Never		
google_pubsub_topic	ingestion_data_source_settings.aws_kinesis.aws_role_arn	Wiring	Security	RileyVisible	RelationshipOnly		
google_pubsub_topic	ingestion_data_source_settings.aws_kinesis.consumer_arn	Wiring		RileyVisible	RelationshipOnly		
google_pubsub_topic	ingestion_data_source_settings.aws_kinesis.gcp_service_account	Wiring	Security	RileyVisible	RelationshipOnly		
google_pubsub_topic	ingestion_data_source_settings.aws_kinesis.stream_arn	Wiring		RileyVisible	RelationshipOnly		
google_pubsub_topic	ingestion_data_source_settings.cloud_storage.bucket	Wiring		RileyVisible	RelationshipOnly		
google_pubsub_topic	ingestion_data_source_settings.cloud_storage.match_glob	Tuning		RileyVisible	ChatSafe		
google_pubsub_topic	ingestion_data_source_settings.cloud_storage.minimum_object_create_time	Tuning		RileyVisible	ChatSafe		
google_pubsub_topic	ingestion_data_source_settings.cloud_storage.text_format.delimiter	Tuning		RileyVisible	ChatSafe		
google_pubsub_topic	ingestion_data_source_settings.platform_logs_settings.severity	Tuning	Reliability	RileyVisible	ChatSafe		
google_pubsub_topic	kms_key_name	Wiring	Security	RileyVisible	RelationshipOnly		
google_pubsub_topic	labels	Tuning		Hidden	SystemOnly	Redacted	
google_pubsub_topic	message_retention_duration	Tuning	Reliability	RileyVisible	ChatSafe		
google_pubsub_topic	message_storage_policy.allowed_persistence_regions	Tuning	Reliability	RileyVisible	RequiresApproval		
google_pubsub_topic	name	Identity		UIVisible	Never		
google_pubsub_topic	project	Identity		UIVisible	Never		AlwaysReplace
google_pubsub_topic	schema_settings.encoding	Tuning		RileyVisible	ChatSafe		
google_pubsub_topic	schema_settings.schema	Wiring		RileyVisible	RelationshipOnly		
google_pubsub_topic	terraform_labels	Tuning		Hidden	SystemOnly	Redacted	
google_pubsub_topic	timeouts	Tuning		Hidden	SystemOnly		
google_redis_instance	alternative_location_id	Tuning	Reliability	RileyVisible	Never		AlwaysReplace
google_redis_instance	auth_enabled	Tuning	Security	UIVisible	RequiresApproval		
google_redis_instance	auth_string	Tuning	Security	Hidden	SystemOnly	Sensitive	
google_redis_instance	authorized_network	Wiring	Reliability	UIVisible	RelationshipOnly		AlwaysReplace
google_redis_instance	connect_mode	Tuning	Reliability	RileyVisible	Never		AlwaysReplace
google_redis_instance	customer_managed_key	Wiring	Security	UIVisible	RelationshipOnly		AlwaysReplace
google_redis_instance	display_name	Tuning		UIVisible	ChatSafe		
google_redis_instance	effective_labels	Tuning		Hidden	SystemOnly	Redacted	
google_redis_instance	id	Identity		RileyVisible	Never		
google_redis_instance	labels	Tuning		Hidden	SystemOnly	Redacted	
google_redis_instance	location_id	Tuning	Reliability	RileyVisible	Never		AlwaysReplace
google_redis_instance	maintenance_policy.weekly_maintenance_window.day	Tuning	Reliability	RileyVisible	ChatSafe		
google_redis_instance	maintenance_version	Tuning	Reliability	RileyVisible	ChatSafe		
google_redis_instance	memory_size_gb	Tuning	Performance	UIVisible	RequiresApproval		
google_redis_instance	name	Identity		UIVisible	Never		
google_redis_instance	persistence_config.persistence_mode	Tuning	Reliability	UIVisible	ChatSafe		
google_redis_instance	persistence_config.rdb_snapshot_period	Tuning	Reliability	RileyVisible	ChatSafe		
google_redis_instance	project	Identity		UIVisible	Never		AlwaysReplace
google_redis_instance	read_replicas_mode	Tuning	Reliability	RileyVisible	RequiresApproval		
google_redis_instance	redis_configs	Tuning	Performance	RileyVisible	RequiresApproval		
google_redis_instance	redis_version	Tuning	Reliability	UIVisible	RequiresApproval		
google_redis_instance	region	Identity		UIVisible	Never		AlwaysReplace
google_redis_instance	replica_count	Tuning	Reliability	UIVisible	RequiresApproval		
google_redis_instance	reserved_ip_range	Wiring	Reliability	RileyVisible	Never		AlwaysReplace
google_redis_instance	secondary_ip_range	Wiring	Reliability	RileyVisible	Never		
google_redis_instance	terraform_labels	Tuning		Hidden	SystemOnly	Redacted	
google_redis_instance	tier	Tuning	Reliability	UIVisible	Never		AlwaysReplace
google_redis_instance	timeouts	Tuning		Hidden	SystemOnly		
google_redis_instance	transit_encryption_mode	Tuning	Security	UIVisible	RequiresApproval		MayReplace
google_secret_manager_secret	annotations	Tuning		Hidden	SystemOnly	Redacted	
google_secret_manager_secret	effective_annotations	Tuning		Hidden	SystemOnly	Redacted	
google_secret_manager_secret	effective_labels	Tuning		Hidden	SystemOnly	Redacted	
google_secret_manager_secret	expire_time	Tuning		RileyVisible	ChatSafe		
google_secret_manager_secret	id	Identity		RileyVisible	Never		
google_secret_manager_secret	labels	Tuning		Hidden	SystemOnly	Redacted	
google_secret_manager_secret	name	Identity		UIVisible	Never		
google_secret_manager_secret	project	Identity		UIVisible	Never		AlwaysReplace
google_secret_manager_secret	replication.auto.customer_managed_encryption.kms_key_name	Wiring	Security	RileyVisible	RelationshipOnly		
google_secret_manager_secret	replication.user_managed.replicas.customer_managed_encryption.kms_key_name	Wiring	Security	RileyVisible	RelationshipOnly		
google_secret_manager_secret	replication.user_managed.replicas.location	Wiring	Reliability	RileyVisible	RelationshipOnly		
google_secret_manager_secret	rotation.next_rotation_time	Tuning	Security	RileyVisible	ChatSafe		
google_secret_manager_secret	rotation.rotation_period	Tuning	Security	RileyVisible	ChatSafe		
google_secret_manager_secret	secret_id	Identity		UIVisible	Never		
google_secret_manager_secret	terraform_labels	Tuning		Hidden	SystemOnly	Redacted	
google_secret_manager_secret	timeouts	Tuning		Hidden	SystemOnly		
google_secret_manager_secret	topics.name	Wiring	Reliability	RileyVisible	RelationshipOnly		
google_secret_manager_secret	ttl	Tuning	Reliability	RileyVisible	ChatSafe		
google_secret_manager_secret	version_destroy_ttl	Tuning	Reliability	RileyVisible	ChatSafe		
google_service_account	account_id	Identity		UIVisible	Never		AlwaysReplace
google_service_account	create_ignore_already_exists	Tuning		RileyVisible	RequiresApproval		
google_service_account	description	Tuning		RileyVisible	ChatSafe		
google_service_account	disabled	Tuning	Security	UIVisible	RequiresApproval		
google_service_account	display_name	Tuning		UIVisible	ChatSafe		
google_service_account	email	Identity		UIVisible	Never		
google_service_account	id	Identity		RileyVisible	Never		
google_service_account	member	Identity		RileyVisible	Never		
google_service_account	name	Identity		UIVisible	Never		
google_service_account	project	Identity		UIVisible	Never		AlwaysReplace
google_service_account	timeouts	Tuning		Hidden	SystemOnly		
google_service_account	unique_id	Identity		RileyVisible	Never		
google_sql_database_instance	database_version	Identity		UIVisible	RequiresApproval		
google_sql_database_instance	deletion_protection	Tuning	Reliability	UIVisible	RequiresApproval		
google_sql_database_instance	encryption_key_name	Wiring	Security	UIVisible	RelationshipOnly		AlwaysReplace
google_sql_database_instance	id	Identity		RileyVisible	Never		
google_sql_database_instance	instance_type	Tuning		RileyVisible	Never		AlwaysReplace
google_sql_database_instance	maintenance_version	Tuning	Reliability	RileyVisible	ChatSafe		
google_sql_database_instance	master_instance_name	Wiring	Reliability	RileyVisible	RelationshipOnly		AlwaysReplace
google_sql_database_instance	name	Identity		UIVisible	Never		
google_sql_database_instance	project	Identity		UIVisible	Never		AlwaysReplace
google_sql_database_instance	region	Identity		UIVisible	Never		AlwaysReplace
google_sql_database_instance	root_password	Tuning	Security	Hidden	SystemOnly	Sensitive	
google_sql_database_instance	self_link	Identity		RileyVisible	Never		
google_sql_database_instance	settings.activation_policy	Tuning	Reliability	RileyVisible	ChatSafe		
google_sql_database_instance	settings.availability_type	Tuning	Reliability	UIVisible	RequiresApproval		
google_sql_database_instance	settings.backup_configuration.backup_retention_settings.retained_backups	Tuning	Reliability	RileyVisible	ChatSafe		
google_sql_database_instance	settings.backup_configuration.enabled	Tuning	Reliability	UIVisible	ChatSafe		
google_sql_database_instance	settings.backup_configuration.point_in_time_recovery_enabled	Tuning	Reliability	UIVisible	ChatSafe		
google_sql_database_instance	settings.backup_configuration.start_time	Tuning	Reliability	RileyVisible	ChatSafe		
google_sql_database_instance	settings.backup_configuration.transaction_log_retention_days	Tuning	Reliability	RileyVisible	ChatSafe		
google_sql_database_instance	settings.database_flags.name	Tuning		RileyVisible	ChatSafe		
google_sql_database_instance	settings.database_flags.value	Tuning		RileyVisible	RequiresApproval		
google_sql_database_instance	settings.deletion_protection_enabled	Tuning	Reliability	UIVisible	RequiresApproval		
google_sql_database_instance	settings.disk_autoresize	Tuning	Reliability	RileyVisible	ChatSafe		
google_sql_database_instance	settings.disk_autoresize_limit	Tuning	Reliability	RileyVisible	ChatSafe		
google_sql_database_instance	settings.disk_size	Tuning	Performance	UIVisible	RequiresApproval		
google_sql_database_instance	settings.disk_type	Tuning	Performance	RileyVisible	Never		AlwaysReplace
google_sql_database_instance	settings.edition	Tuning	Reliability	UIVisible	RequiresApproval		
google_sql_database_instance	settings.insights_config.query_insights_enabled	Tuning	Reliability	RileyVisible	ChatSafe		
google_sql_database_instance	settings.ip_configuration.allocated_ip_range	Wiring		RileyVisible	RelationshipOnly		
google_sql_database_instance	settings.ip_configuration.authorized_networks.name	Tuning		RileyVisible	ChatSafe		
google_sql_database_instance	settings.ip_configuration.authorized_networks.value	Tuning	Security	RileyVisible	RequiresApproval		
google_sql_database_instance	settings.ip_configuration.ipv4_enabled	Tuning	Security	UIVisible	RequiresApproval		
google_sql_database_instance	settings.ip_configuration.private_network	Wiring	Security	UIVisible	RelationshipOnly		
google_sql_database_instance	settings.ip_configuration.ssl_mode	Tuning	Security	UIVisible	RequiresApproval		
google_sql_database_instance	settings.maintenance_window.day	Tuning	Reliability	RileyVisible	ChatSafe		
google_sql_database_instance	settings.maintenance_window.hour	Tuning	Reliability	RileyVisible	ChatSafe		
google_sql_database_instance	settings.maintenance_window.update_track	Tuning	Reliability	RileyVisible	ChatSafe		
google_sql_database_instance	settings.pricing_plan	Tuning		RileyVisible	RequiresApproval		
google_sql_database_instance	settings.tier	Tuning	Performance	UIVisible	RequiresApproval		
google_sql_database_instance	settings.user_labels	Tuning		Hidden	SystemOnly	Redacted	
google_sql_database_instance	timeouts	Tuning		Hidden	SystemOnly		
google_sql_user	deletion_policy	Tuning	Reliability	RileyVisible	RequiresApproval		
google_sql_user	host	Identity		UIVisible	Never		AlwaysReplace
google_sql_user	id	Identity		RileyVisible	Never		
google_sql_user	instance	Wiring	Reliability	UIVisible	RelationshipOnly		AlwaysReplace
google_sql_user	name	Identity		UIVisible	Never		
google_sql_user	password	Tuning	Security	Hidden	SystemOnly	Sensitive	
google_sql_user	project	Identity		UIVisible	Never		AlwaysReplace
google_sql_user	sql_server_user_details.disabled	Tuning	Security	UIVisible	RequiresApproval		
google_sql_user	timeouts	Tuning		Hidden	SystemOnly		
google_sql_user	type	Tuning	Security	UIVisible	Never		AlwaysReplace
google_storage_bucket	autoclass.enabled	Tuning	Performance	RileyVisible	ChatSafe		
google_storage_bucket	cors.max_age_seconds	Tuning		RileyVisible	ChatSafe		
google_storage_bucket	cors.method	Tuning		RileyVisible	ChatSafe		
google_storage_bucket	cors.origin	Tuning	Security	RileyVisible	ChatSafe		
google_storage_bucket	cors.response_header	Tuning		RileyVisible	ChatSafe		
google_storage_bucket	effective_labels	Tuning		Hidden	SystemOnly	Redacted	
google_storage_bucket	encryption.default_kms_key_name	Wiring	Security	RileyVisible	RelationshipOnly		
google_storage_bucket	force_destroy	Tuning	Reliability	RileyVisible	RequiresApproval		
google_storage_bucket	id	Identity		RileyVisible	Never		
google_storage_bucket	labels	Tuning		Hidden	SystemOnly	Redacted	
google_storage_bucket	lifecycle_rule.action.storage_class	Tuning	Performance	RileyVisible	ChatSafe		
google_storage_bucket	lifecycle_rule.action.type	Tuning	Reliability	RileyVisible	ChatSafe		
google_storage_bucket	lifecycle_rule.condition.age	Tuning		RileyVisible	ChatSafe		
google_storage_bucket	lifecycle_rule.condition.with_state	Tuning		RileyVisible	ChatSafe		
google_storage_bucket	location	Identity		UIVisible	Never		AlwaysReplace
google_storage_bucket	logging.log_bucket	Wiring	Reliability	RileyVisible	RelationshipOnly		
google_storage_bucket	logging.log_object_prefix	Tuning		RileyVisible	ChatSafe		
google_storage_bucket	name	Identity		UIVisible	Never		
google_storage_bucket	project	Identity		UIVisible	Never		AlwaysReplace
google_storage_bucket	public_access_prevention	Tuning	Security	RileyVisible	RequiresApproval		MayReplace
google_storage_bucket	requester_pays	Tuning		RileyVisible	ChatSafe		
google_storage_bucket	retention_policy.is_locked	Tuning	Reliability	RileyVisible	RequiresApproval		MayReplace
google_storage_bucket	retention_policy.retention_period	Tuning	Reliability	RileyVisible	RequiresApproval		
google_storage_bucket	rpo	Tuning	Reliability	RileyVisible	ChatSafe		
google_storage_bucket	self_link	Identity		RileyVisible	Never		
google_storage_bucket	soft_delete_policy.retention_duration_seconds	Tuning	Reliability	RileyVisible	ChatSafe		
google_storage_bucket	storage_class	Tuning	Performance	RileyVisible	ChatSafe		
google_storage_bucket	terraform_labels	Tuning		Hidden	SystemOnly	Redacted	
google_storage_bucket	timeouts	Tuning		Hidden	SystemOnly		
google_storage_bucket	uniform_bucket_level_access	Tuning	Security	RileyVisible	RequiresApproval		
google_storage_bucket	url	Identity		RileyVisible	Never		
google_storage_bucket	versioning.enabled	Tuning	Reliability	RileyVisible	ChatSafe		
google_storage_bucket	website.main_page_suffix	Tuning		RileyVisible	ChatSafe		
google_storage_bucket	website.not_found_page	Tuning		RileyVisible	ChatSafe		
google_vertex_ai_dataset	display_name	Tuning		UIVisible	ChatSafe		
google_vertex_ai_dataset	effective_labels	Tuning		Hidden	SystemOnly	Redacted	
google_vertex_ai_dataset	encryption_spec.kms_key_name	Wiring	Security	UIVisible	RelationshipOnly		AlwaysReplace
google_vertex_ai_dataset	id	Identity		RileyVisible	Never		
google_vertex_ai_dataset	labels	Tuning		Hidden	SystemOnly	Redacted	
google_vertex_ai_dataset	metadata_schema_uri	Tuning	Reliability	UIVisible	Never		AlwaysReplace
google_vertex_ai_dataset	name	Identity		UIVisible	Never		
google_vertex_ai_dataset	project	Identity		UIVisible	Never		AlwaysReplace
google_vertex_ai_dataset	region	Identity		UIVisible	Never		AlwaysReplace
google_vertex_ai_dataset	terraform_labels	Tuning		Hidden	SystemOnly	Redacted	
google_vertex_ai_dataset	timeouts	Tuning		Hidden	SystemOnly		
